01-17 16:22:33.329 5234-5234/? D/OtaApp: debug - onBind() called
01-17 16:22:33.334 5234-5234/? D/OtaApp: debug - PollingMangerService, phone state: 3 3 voice home data home null null null null null null  Unknown Unknown CSS not supported -1 -1 RoamInd=-1 DefRoamInd=-1 EmergOnly=false IsDataRoamingFromRegistration=false
01-17 16:22:33.343 5234-5401/? D/OtaApp: debug - AndroidClientUpgradeService.handleIntent: com.motorola.ccc.ota.START_ACTION
01-17 16:22:33.345 5234-5401/? I/OtaApp: info - AndroidClientUpgradeService.handleIntent: starting CusSM
01-17 16:22:33.347 5234-5401/? D/Checkin: publish the event [tag = MOT_OTA event name = LOG]
01-17 16:22:33.351 5234-5401/? D/OtaApp: debug - CusSM.onStart
01-17 16:22:33.362 5234-5401/? D/OtaApp: debug - FotaUpgradeSource.plugin_init: sending Fota Initialization intent
01-17 16:22:33.366 1761-1771/? W/ActivityManager: Unable to start service Intent { act=com.motorola.android.fota.FOTA_INITIALIZATION pkg=com.motorola.android.fota } U=0: not found
01-17 16:22:33.381 5234-5401/? D/OtaApp: debug - CusFileUtils.getResultsFile examining /cache/ lost+found
01-17 16:22:33.385 5234-5401/? D/OtaApp: debug - CusFileUtils.getResultsFile examining /cache/ recovery
01-17 16:22:33.386 5234-5401/? D/OtaApp: debug - CusFileUtils.getResultsFile examining /cache/ backup
01-17 16:22:33.387 5234-5401/? I/OtaApp: info - CusSM.checkForUpgradeCompleted: no upgrade result files found
01-17 16:22:33.389 5234-5401/? D/Checkin: publish the event [tag = MOT_OTA event name = LOG]
01-17 16:22:33.406 5234-5401/? D/OtaApp: debug - SDCardUpgradeSource.checkForUpdate: path /storage/emulated/0 [AddOnInfo: sdcard initiated on start]
01-17 16:22:33.408 5234-5401/? D/OtaApp: debug - SDCardUpgradeSource.checkForUpdate: looking for upgrade files in /storage/emulated/0/
01-17 16:22:33.410 5234-5401/? W/OtaApp: warn - CusFileUtils.getUpgradeFileList failed: list of files is null sdcard not mounted or io error occured
01-17 16:22:33.411 5234-5401/? D/Checkin: publish the event [tag = MOT_OTA event name = LOG]
01-17 16:22:33.414 5234-5401/? D/OtaApp: debug - SDCardUpgradeSource.checkForUpdate: no upgrade files found on sd card
01-17 16:22:33.418 5234-5401/? E/OtaApp: error - CusSM.wifiDiscoverySanityCheck failed: wifi discover time is not set nothing to process
01-17 16:22:33.419 5234-5401/? D/Checkin: publish the event [tag = MOT_OTA event name = LOG]
01-17 16:22:33.423 5234-5401/? E/OtaApp: error - CusSM.forceUpgradeTimerSanityCheck failed: force upgrade time is not set nothing to process
01-17 16:22:33.424 5234-5401/? D/Checkin: publish the event [tag = MOT_OTA event name = LOG]
01-17 16:22:33.430 5234-5401/? D/OtaApp: debug - ReserveSpace data doesn't exist. Assuming -1
01-17 16:22:33.434 5234-5401/? D/OtaApp: debug - Setting value spaceValue: -1
01-17 16:22:33.437 5234-5403/? D/OtaApp: debug - checkAndCreateReserveSpace: Attempting to adjust space with -1 MB
01-17 16:22:33.439 5234-5401/? D/OtaApp: debug - CusSM.sendUpgradeStatus: no unlogged events.
01-17 16:22:33.441 5234-5401/? D/OtaApp: debug - Description is null
01-17 16:22:33.443 5234-5401/? D/OtaApp: debug - CusSM.runStateMachine: no versions found in database
01-17 16:22:33.448 2790-2790/? W/Binder_5: type=1400 audit(0.0:9383): avc: denied { ioctl } for uid=1000 path="socket:[146522]" dev="sockfs" ino=146522 ioctlcmd=7704 scontext=u:r:system_server:s0 tcontext=u:r:system_server:s0 tclass=unix_stream_socket permissive=0
01-17 16:22:33.448 2790-2790/? W/Binder_5: type=1400 audit(0.0:9384): avc: denied { ioctl } for uid=1000 path="socket:[146522]" dev="sockfs" ino=146522 ioctlcmd=7704 scontext=u:r:system_server:s0 tcontext=u:r:system_server:s0 tclass=unix_stream_socket permissive=0
01-17 16:22:33.467 5234-5401/? D/OtaApp: debug - FileUtils.cleanupDataFiles, dir : /data/user/0/com.motorola.ccc.ota/app_download
01-17 16:22:33.481 5234-5234/? W/System.err: SLF4J: Failed to load class "org.slf4j.impl.StaticLoggerBinder".
01-17 16:22:33.481 5234-5234/? W/System.err: SLF4J: Defaulting to no-operation (NOP) logger implementation
01-17 16:22:33.481 5234-5234/? W/System.err: SLF4J: See http://www.slf4j.org/codes.html#StaticLoggerBinder for further details.
01-17 16:22:33.547 5313-5398/? I/Adreno-EGL: <qeglDrvAPI_eglInitialize:379>: QUALCOMM Build: 10/09/15, 6cbbf7d, I3193f6e94a
01-17 16:22:33.548 5313-5398/? E/linker: readlink('/proc/self/fd/33') failed: Permission denied [fd=33]
01-17 16:22:33.548 5313-5398/? E/linker: warning: unable to get realpath for the library "/vendor/lib/egl/eglsubAndroid.so". Will use given name.
01-17 16:22:33.554 5313-5398/? I/OpenGLRenderer: Initialized EGL, version 1.4
01-17 16:22:33.557 5234-5234/? I/MotAcctManagerExt: using API version: 3
01-17 16:22:33.566 5234-5234/? E/MotAcct.ChangeReceiver: doesn't exist
01-17 16:22:33.603 1761-2252/? D/WifiStateMachine: ===> 154.71,120.57 - 137.42,100.15 - 15730,12145
01-17 16:22:33.612 5234-5234/? I/MMApiProvisionService: createDeviceIdOrLogin update_device
01-17 16:22:33.613 5234-5234/? D/Checkin: publish the event [tag = MOT_CCE event name = LOG]
01-17 16:22:33.625 5234-5234/? I/global frequency: BcsTimer.setTimer(42577, 21600000)
01-17 16:22:33.626 5234-5234/? D/Checkin: publish the event [tag = MOT_CHECKIN event name = LOG]
01-17 16:22:33.747 1761-1857/? I/ActivityManager: Displayed com.google.android.googlequicksearchbox/com.google.android.launcher.GEL: +2s456ms
01-17 16:22:33.748 1761-3490/? W/InputMethodManagerService: Got RemoteException sending setActive(false) notification to pid 4396 uid 10098
01-17 16:22:33.752 356-356/? I/SFPerfTracer:      triggers: (rate: 48:3488) (compose: 0:1) (post: 0:1) (render: 2:36) (9:6187 frames) (10:13832)
01-17 16:22:33.752 356-356/? D/SFPerfTracer:        layers: (1:11) (FocusedStackFrame (0xb76be6f0): 0:63)* (StatusBar (0xb7631258): 0:847)* (com.android.systemui.ImageWallpaper (0xb767e248): 1:259)* (NavigationBar (0xb76af808): 10:163) (com.qualcomm.ftcrobotcontroller/org.firstinspires.ftc.robotcontroller.internal.FtcRobotControllerActivity (0xb76a4a20): 0:101)- (SurfaceView (0xb76b0e08): 0:427)- (com.google.android.googlequicksearchbox/com.google.android.launcher.GEL (0xb76a4a20): 10:12)* 
01-17 16:22:33.763 1761-3490/? I/ActivityManager: Start proc 5412:com.google.android.inputmethod.latin/u0a74 for service com.google.android.inputmethod.latin/com.android.inputmethod.latin.LatinIME
01-17 16:22:33.764 1761-3490/? V/InputMethodManagerService: Adding window token: android.os.Binder@70ff938
01-17 16:22:33.799 5380-5380/? I/LoadedApk: No resource references to update in package FFFFFFFFFFFFFFFFFFFFFF
01-17 16:22:33.812 5234-5400/? D/3CDM.Service: com.motorola.blur.service.blur.Actions.SERVICES_STARTED
01-17 16:22:33.813 5234-5400/? D/3CDM.Service: Device Admin setting: blur.service.littlesister.reportLevel2
01-17 16:22:33.813 5234-5400/? D/3CDM.Service: Device Admin setting: blur.service.littlesister.gpsFixWaitTime
01-17 16:22:33.813 5234-5400/? D/3CDM.Service: Device Admin setting: com.motorola.blur.adminfeed.device_admin_always_allowed
01-17 16:22:33.813 5234-5400/? D/3CDM.Service: Device Admin setting: com.motorola.ccc.devicemanagement.motocare.url
01-17 16:22:33.813 5234-5400/? D/3CDM.Service: Device Admin setting: blur.service.mother.sendPersonalInfo
01-17 16:22:33.813 5234-5400/? D/3CDM.Service: Device Admin setting: blur.service.cred.locationToken
01-17 16:22:33.813 5234-5400/? D/3CDM.Service: Device Admin setting: com.motorola.ccc.devicemanagement.capabilities
01-17 16:22:33.813 5234-5400/? D/3CDM.Service: Device Admin setting: com.motorola.ccc.cce.email.marketing.optin.default
01-17 16:22:33.813 5234-5400/? D/3CDM.Service: Device Admin setting: com.motorola.ccc.devicemanagement.protect_phone_setup_enabled
01-17 16:22:33.813 5234-5400/? D/3CDM.Service: request3CSettings() from CCE
01-17 16:22:33.826 5234-5234/? D/OtaApp: debug - AndroidPollingManager, successfully bound to Polling Manger Service...
01-17 16:22:33.839 5234-5400/? D/3CDM.Service: registering for AdminFeed
01-17 16:22:33.844 1761-2892/? I/ActivityManager: Start proc 5426:com.motorola.context/u0a8 for broadcast com.motorola.context/.ccc.UpdateModelReceiver
01-17 16:22:33.846 5234-5234/? D/OtaApp: debug - AndroidPollingManager.handleIntent: com.motorola.blur.service.blur.upgrade_poll
01-17 16:22:33.846 5234-5234/? I/OtaApp: info - Next Polling is scheduled at 218 mins from now
01-17 16:22:33.848 5234-5234/? D/Checkin: publish the event [tag = MOT_OTA event name = LOG]
01-17 16:22:33.869 5234-5234/? D/OtaApp: debug - PollingManagerService, registerApp(): cUsPollingService
01-17 16:22:33.871 5234-5234/? D/OtaApp: debug - PollingManagerService, registerApp(): shortest interval is 13134000
01-17 16:22:33.872 5234-5234/? D/OtaApp: debug - Polling alarm set to expire at: 15709177 Current Time: 2575180
01-17 16:22:33.905 5234-5400/? D/3CDM.Service: get 0 notifications for app OCVKVSQ5Q1EYVBX76813UOPTCKGAH4VS
01-17 16:22:33.910 5234-5400/? D/3CDM.Service: get 0 notifications for app L71KGK4CCWOW658MGESIRYO2428ODW11
01-17 16:22:33.914 5234-5400/? D/3CDM.Service: get 0 notifications for app LX6TJJI6F2MILF1NPZW6A3HBAKK8W44Z
01-17 16:22:33.920 5234-5400/? D/3CDM.Service: get 0 notifications for app SZZTNOGZA6O6PRFZH2V3FF14N1J8W3HC
01-17 16:22:33.927 5234-5400/? D/3CDM.Service: get 0 notifications for app SULIGJDMXLSL7T1DOVYSTVG2KCBHZ5GH
01-17 16:22:33.932 5234-5400/? D/3CDM.Service: get 0 notifications for app 5LWTCLJBZO4OUDU5BY7ANJI4Y2MHY8OY
01-17 16:22:33.942 5234-5400/? D/3CDM.Service: get 0 notifications for app 68OUD4VKG23F7BUH6M2QBRXPLIC7IMCO
01-17 16:22:33.950 5234-5400/? D/3CDM.Service: get 0 notifications for app QZYSBKU4MGE71O1PLTE8HAT11SWL5M6E
01-17 16:22:33.973 5426-5426/? W/System: ClassLoader referenced unknown path: /system/priv-app/ContextEngineClient/lib/arm
01-17 16:22:34.023 5313-5398/? E/linker: readlink('/proc/self/fd/44') failed: Permission denied [fd=44]
01-17 16:22:34.023 5313-5398/? E/linker: warning: unable to get realpath for the library "libRSDriver.so". Will use given name.
01-17 16:22:34.031 5313-5398/? E/linker: readlink('/proc/self/fd/44') failed: Permission denied [fd=44]
01-17 16:22:34.031 5313-5398/? E/linker: warning: unable to get realpath for the library "libRSCpuRef.so". Will use given name.
01-17 16:22:34.037 5313-5398/? E/linker: readlink('/proc/self/fd/33') failed: Permission denied [fd=33]
01-17 16:22:34.038 5313-5398/? E/linker: warning: unable to get realpath for the library "libblas.so". Will use given name.
01-17 16:22:34.042 5412-5412/? I/Decoder: createOrResetDecoder
01-17 16:22:34.043 5412-5412/? I/Decoder: createOrResetDecoder
01-17 16:22:34.052 5313-5398/? V/RenderScript: 0xb9bdbea8 Launching thread(s), CPUs 4
01-17 16:22:34.069 5412-5412/? I/LatinIME: Hardware accelerated drawing: true
01-17 16:22:34.078 1761-2922/? I/ActivityManager: Start proc 5450:com.google.process.gapps/u0a16 for content provider com.google.android.gsf/.gservices.GservicesProvider
01-17 16:22:34.165 5426-5461/? I/CE-UpdateModelService: checkForUpdate in: 86400000 ms
01-17 16:22:34.170 5234-5234/? D/Checkin: publish the event [tag = MOT_ENGAGE event name = DUMP]
01-17 16:22:34.183 5234-5463/? I/PushService: onHandleIntent() received intent = com.motorola.blur.service.blur.Actions.SERVICES_STARTED
01-17 16:22:34.195 5234-5463/? I/CCEUtils: device type: MOTO
01-17 16:22:34.195 5234-5234/? I/CCEUtils: device type: MOTO
01-17 16:22:34.229 5450-5450/? W/System: ClassLoader referenced unknown path: /system/priv-app/GoogleServicesFramework/lib/arm
01-17 16:22:34.240 5234-5234/? I/ECIStartupRecv: Experience enabled: false isDeviceIdPresent true
01-17 16:22:34.241 5234-5234/? D/Checkin: publish the event [tag = MOT_ENGAGE event name = EXPERIENCE_ENABLED]
01-17 16:22:34.242 5234-5234/? I/ECIStartupRecv: Experience not enabled
01-17 16:22:34.264 5234-5234/? D/GetNotificationsWS: bindWebServices(): registering our AIDL callback...
01-17 16:22:34.271 5234-5234/? I/CCE: App Checkin requested CCE to send settings
01-17 16:22:34.279 5234-5469/? I/SundryService: onHandleIntent(): action=com.motorola.notification.REGISTRATION
01-17 16:22:34.279 5234-5469/? I/SundryService: Received registration